---
source: crates/lash-cli/tests/regression_tests.rs
expression: normalized_stdout
---
┓    ┓
┃ ┏┓┏┣┓
┗┛┗┻┛┛┗
warning[W_INDEX_ORPHAN]: File './no-id.md' is not referenced in the root index
  at ./no-id.md:0:0
✓ Linting passed (with warnings)

Summary:
  0 errors, 1 warnings, 0 info, 0 hints
  1 files affected
