---
source: crates/lash-cli/tests/regression_tests.rs
expression: normalized_stdout
---
┓    ┓
┃ ┏┓┏┣┓
┗┛┗┻┛┛┗
warning[W_INDEX_ORPHAN]: File './api.md' is not referenced in the root index
  at ./api.md:0:0
warning[W_INDEX_ORPHAN]: File './authentication.md' is not referenced in the root index
  at ./authentication.md:0:0
warning[W_INDEX_ORPHAN]: File './database.md' is not referenced in the root index
  at ./database.md:0:0
warning[W_INDEX_ORPHAN]: File './deployment.md' is not referenced in the root index
  at ./deployment.md:0:0
warning[W_INDEX_ORPHAN]: File './documentation.md' is not referenced in the root index
  at ./documentation.md:0:0
warning[W_INDEX_ORPHAN]: File './frontend.md' is not referenced in the root index
  at ./frontend.md:0:0
warning[W_INDEX_ORPHAN]: File './monitoring.md' is not referenced in the root index
  at ./monitoring.md:0:0
warning[W_INDEX_ORPHAN]: File './security.md' is not referenced in the root index
  at ./security.md:0:0
warning[W_SEM_STATUS_INCONSISTENT]: Parent task "Unit tests" is marked complete but has 1 incomplete child(ren)
  at ./testing.md:0:0
warning[W_INDEX_ORPHAN]: File './testing.md' is not referenced in the root index
  at ./testing.md:0:0
✓ Linting passed (with warnings)

Summary:
  0 errors, 10 warnings, 0 info, 0 hints
  9 files affected
