---
source: crates/lash-cli/tests/regression_tests.rs
expression: normalized
---
[1mFile:[0m
  Path:     [36mtasks.md[39m
  Title:    [1mDevelopment Tasks[0m
  ID:       dev-tasks
  Status:   [34min-progress[39m

[1mTasks (7):[0m
  [ ] Feature development ([2mdev-tasks#feature-development[0m)
    [x] Design API ([2mdev-tasks#design-api[0m)
    [ ] API documentation ([2mdev-tasks#api-documentation[0m)
    [ ] Implement endpoints #backend ([2mdev-tasks#implement-endpoints-backend[0m)
  [ ] Documentation #docs ([2mdev-tasks#documentation-docs[0m)
    [ ] User guide ([2mdev-tasks#user-guide[0m)
    [ ] Write tests #testing ([2mdev-tasks#write-tests-testing[0m)
