---
source: crates/lash-cli/tests/regression_tests.rs
expression: normalized
---
┓    ┓
┃ ┏┓┏┣┓
┗┛┗┻┛┛┗
File:
  Path:     tasks.md
  Title:    Development Tasks
  ID:       dev-tasks
  Status:   in-progress

Tasks (7):
  [ ] Feature development (dev-tasks#feature-development)
  ├── [x] Design API (dev-tasks#design-api)
  ├── [ ] API documentation (dev-tasks#api-documentation)
  └── [ ] Implement endpoints #backend (dev-tasks#implement-endpoints)
  [ ] Documentation #docs (dev-tasks#documentation)
  ├── [ ] User guide (dev-tasks#user-guide)
  └── [ ] Write tests #testing (dev-tasks#write-tests)
