---
source: crates/lash-cli/tests/regression_tests.rs
expression: normalized
---
{
  "count": 3,
  "files": [
    {
      "file_id": "bugs",
      "hash": "6920b0f54b7eae71f0c46fd81b3f3f898c09caeb7b5a5b555a4b22b26dd96314",
      "id": 1,
      "indexed_at": <TIMESTAMP>,
      "metadata": {
        "created": "2024-01-17",
        "labels": [
          "maintenance",
          "bug"
        ],
        "owner": "bob",
        "status": "in-progress"
      },
      "mtime": <MTIME>,
      "path": "bugs.md",
      "status": "inprogress",
      "title": "Bug Tracking"
    },
    {
      "file_id": "small-project",
      "hash": "2f17612663d89f1020f6588694de64abad79f8a865cfdf87ad2beb126ba41ae6",
      "id": 2,
      "indexed_at": <TIMESTAMP>,
      "metadata": {
        "created": "2024-01-15",
        "labels": [
          "demo",
          "test"
        ],
        "status": "in-progress"
      },
      "mtime": <MTIME>,
      "path": "lash.index.md",
      "status": "inprogress",
      "title": "Small Test Project"
    },
    {
      "file_id": "dev-tasks",
      "hash": "b96766de46ff9a351f87aa02507e554bc30999424f2da020462bbfd609894ca9",
      "id": 3,
      "indexed_at": <TIMESTAMP>,
      "metadata": {
        "created": "2024-01-16",
        "labels": [
          "development"
        ],
        "owner": "alice",
        "status": "in-progress"
      },
      "mtime": <MTIME>,
      "path": "tasks.md",
      "status": "inprogress",
      "title": "Development Tasks"
    }
  ]
}
