---
source: crates/lash-cli/tests/regression_tests.rs
assertion_line: 314
expression: normalized
---
┓    ┓
┃ ┏┓┏┣┓
┗┛┗┻┛┛┗
Found 20 result(s) for 'api'

└── backend/
    └── api.md/
        ├── [x] Design REST API (0.59)
        ├── [ ] Add API documentation #docs (0.58)
        ├── [x] Define endpoints (0.54)
        ├── [ ] Session management (0.54)
        ├── [x] User endpoints (0.54)
        ├── [ ] Task endpoints (0.54)
        ├── [ ] Project endpoints (0.54)
        ├── [ ] OpenAPI spec (0.57)
        ├── [ ] Example requests (0.54)
        └── [x] JWT token generation (0.54)
└── docs/
    └── api-docs.md/
        ├── [ ] API guide #guides (0.62)
        ├── [ ] API reference documentation #docs (0.61)
        ├── [ ] Authentication endpoints (0.54)
        ├── [ ] User endpoints (0.54)
        ├── [ ] Task endpoints (0.54)
        ├── [ ] Project endpoints (0.54)
        ├── [ ] Getting started (0.54)
        ├── [ ] Authentication guide (0.54)
        └── [ ] Rate limiting (0.54)
└── frontend/
    └── state.md/
        └── [ ] Add API integration #api (0.60)
