---
source: crates/lash-cli/tests/regression_tests.rs
expression: normalized
---
ID                                                         STATUS   TITLE                                   LABELS
--------------------------------------------------------------------------------------------------------------------------
backend.api#add-api-documentation-docs                     open     Add API documentation #docs             docs
backend.api#define-endpoints                               done     Define endpoints                        
backend.api#design-requestresponse-schemas                 done     Design request/response schemas         
backend.api#design-rest-api                                done     Design REST API                         
backend.api#example-requests                               open     Example requests                        
backend.api#implement-authentication-security              open     Implement authentication #security      security
backend.api#implement-crud-endpoints-core                  open     Implement CRUD endpoints #core          core
backend.api#jwt-token-generation                           done     JWT token generation                    
backend.api#oauth2-integration-p1                          open     OAuth2 integration #p1                  p1
backend.api#openapi-spec                                   open     OpenAPI spec                            
backend.api#project-endpoints                              open     Project endpoints                       
backend.api#session-management                             open     Session management                      
backend.api#task-endpoints                                 open     Task endpoints                          
backend.api#user-endpoints                                 done     User endpoints                          
backend.database#add-database-layer-core                   done     Add database layer #core                core
backend.database#add-indexes                               done     Add indexes                             
backend.database#connection-pooling                        done     Connection pooling                      
backend.database#design-database-schema                    done     Design database schema                  
backend.database#initial-schema-migration                  done     Initial schema migration                
backend.database#migration-framework                       done     Migration framework                     
backend.database#performance-optimization-performance      done     Performance optimization #performance   performance
backend.database#projects-table                            done     Projects table                          
backend.database#query-builders                            done     Query builders                          
backend.database#query-optimization                        done     Query optimization                      
backend.database#relationships                             done     Relationships                           
backend.database#seed-data                                 done     Seed data                               
backend.database#set-up-migrations-infrastructure          done     Set up migrations #infrastructure       infrastructure
backend.database#tasks-table                               done     Tasks table                             
backend.database#transaction-support                       done     Transaction support                     
backend.database#users-table                               done     Users table                             
backend.tests#api-endpoint-tests                           done     API endpoint tests                      
backend.tests#auth-flow-tests                              open     Auth flow tests                         
backend.tests#database-integration-tests                   open     Database integration tests              
backend.tests#helper-functions                             done     Helper functions                        
backend.tests#integration-tests-integration-testing        open     Integration tests #integration-testing  integration-testing
backend.tests#load-testing                                 open     Load testing                            
backend.tests#model-tests                                  done     Model tests                             
backend.tests#performance-tests-performance                open     Performance tests #performance          performance
backend.tests#service-tests                                open     Service tests                           
backend.tests#set-up-test-infrastructure                   done     Set up test infrastructure              
backend.tests#stress-testing                               open     Stress testing                          
backend.tests#test-database                                done     Test database                           
backend.tests#test-fixtures                                done     Test fixtures                           
backend.tests#unit-tests-unit-testing                      open     Unit tests #unit-testing                unit-testing
backend.tests#utility-tests                                open     Utility tests                           
docs.api#api-guide-guides                                  open     API guide #guides                       guides
docs.api#api-reference-documentation-docs                  open     API reference documentation #docs       docs
docs.api#authentication-endpoints                          open     Authentication endpoints                
docs.api#authentication-guide                              open     Authentication guide                    
docs.api#code-examples-examples                            open     Code examples #examples                 examples
docs.api#curl-examples                                     open     cURL examples                           
docs.api#error-handling                                    open     Error handling                          
docs.api#getting-started                                   open     Getting started                         
docs.api#javascript-examples                               open     JavaScript examples                     
docs.api#project-endpoints                                 open     Project endpoints                       
docs.api#python-examples                                   open     Python examples                         
docs.api#rate-limiting                                     open     Rate limiting                           
docs.api#task-endpoints                                    open     Task endpoints                          
docs.api#user-endpoints                                    open     User endpoints                          
docs.user-guide#advanced-features                          open     Advanced features                       
docs.user-guide#basic-concepts                             open     Basic concepts                          
docs.user-guide#best-practices                             open     Best practices                          
docs.user-guide#collaboration                              open     Collaboration                           
docs.user-guide#common-questions                           open     Common questions                        
docs.user-guide#faq-support                                open     FAQ #support                            support
docs.user-guide#feature-documentation-features             open     Feature documentation #features         features
docs.user-guide#first-project                              open     First project                           
docs.user-guide#getting-started-guide-guides               open     Getting started guide #guides           guides
docs.user-guide#installation                               open     Installation                            
docs.user-guide#project-organization                       open     Project organization                    
docs.user-guide#quick-start                                open     Quick start                             
docs.user-guide#search-and-filtering                       open     Search and filtering                    
docs.user-guide#task-management                            open     Task management                         
docs.user-guide#team-workflow                              open     Team workflow                           
docs.user-guide#troubleshooting                            open     Troubleshooting                         
docs.user-guide#tutorial-tutorials                         open     Tutorial #tutorials                     tutorials
frontend.components#add-component-tests-testing            open     Add component tests #testing            testing
frontend.components#button                                 done     Button                                  
frontend.components#card                                   done     Card                                    
frontend.components#choose-framework                       done     Choose framework                        
frontend.components#configure-build                        done     Configure build                         
frontend.components#dropdown                               open     Dropdown                                
frontend.components#implement-base-components-components   open     Implement base components #components   components
frontend.components#implement-feature-components-features  open     Implement feature components #features  features
frontend.components#input                                  done     Input                                   
frontend.components#login-form                             open     Login form                              
frontend.components#modal                                  open     Modal                                   
frontend.components#project-dashboard                      open     Project dashboard                       
frontend.components#set-up-component-library               done     Set up component library                
frontend.components#set-up-storybook                       done     Set up storybook                        
frontend.components#task-detail                            open     Task detail                             
frontend.components#task-list                              open     Task list                               
frontend.components#unit-tests                             done     Unit tests                              
frontend.components#visual-regression-tests                open     Visual regression tests                 
frontend.state#action-tests                                open     Action tests                            
frontend.state#add-api-integration-api                     open     Add API integration #api                api
frontend.state#add-state-tests-testing                     open     Add state tests #testing                testing
frontend.state#api-client                                  done     API client                              
frontend.state#auth-state                                  done     Auth state                              
frontend.state#caching-strategy                            open     Caching strategy                        
frontend.state#choose-library                              done     Choose library                          
frontend.state#configure-store                             done     Configure store                         
frontend.state#data-fetching                               open     Data fetching                           
frontend.state#define-state-shape                          done     Define state shape                      
frontend.state#error-handling                              open     Error handling                          
frontend.state#implement-state-slices-state                open     Implement state slices #state           state
frontend.state#projects-state                              open     Projects state                          
frontend.state#reducer-tests                               open     Reducer tests                           
frontend.state#selector-tests                              open     Selector tests                          
frontend.state#set-up-state-management                     done     Set up state management                 
frontend.state#tasks-state                                 open     Tasks state                             
frontend.state#ui-state                                    open     UI state                                
frontend.tests#base-component-tests                        done     Base component tests                    
frontend.tests#component-tests-component-testing           open     Component tests #component-testing      component-testing
frontend.tests#critical-paths                              open     Critical paths                          
frontend.tests#e2e-tests-e2e-testing                       open     E2E tests #e2e-testing                  e2e-testing
frontend.tests#error-scenarios                             open     Error scenarios                         
frontend.tests#feature-component-tests                     open     Feature component tests                 
frontend.tests#integration-tests                           open     Integration tests                       
frontend.tests#mock-api                                    done     Mock API                                
frontend.tests#set-up-test-infrastructure                  done     Set up test infrastructure              
frontend.tests#snapshot-tests                              open     Snapshot tests                          
frontend.tests#test-runner                                 done     Test runner                             
frontend.tests#testing-library                             done     Testing library                         
frontend.tests#user-flows                                  open     User flows                              
frontend.tests#visual-regression                           open     Visual regression                       
frontend.tests#visual-tests-visual-testing                 open     Visual tests #visual-testing            visual-testing
medium-project#api-docs                                    open     API docs                                
medium-project#api-implementation                          open     API implementation                      
medium-project#backend-development-backend                 open     Backend development #backend            backend
medium-project#backend-tests                               open     Backend tests                           
medium-project#configure-build-system                      done     Configure build system                  
medium-project#database-schema                             done     Database schema                         
medium-project#deployment-ops                              open     Deployment #ops                         ops
medium-project#documentation-docs                          open     Documentation #docs                     docs
medium-project#frontend-development-frontend               open     Frontend development #frontend          frontend
medium-project#frontend-tests                              open     Frontend tests                          
medium-project#production-deployment                       open     Production deployment                   
medium-project#project-initialization                      done     Project initialization                  
medium-project#set-up-cicd                                 done     Set up CI/CD                            
medium-project#set-up-repository                           done     Set up repository                       
medium-project#staging-environment                         open     Staging environment                     
medium-project#state-management                            open     State management                        
medium-project#ui-components                               open     UI components                           
medium-project#user-guide                                  open     User guide                              

Total: 145 task(s)
